post-hoc, exploratory; selected on training only
sample training: 963 games; stale list 12 ids (0 in sample)
  0/963
  100/963
  200/963
  300/963
  400/963
  500/963
  600/963
  700/963
  800/963
  900/963
/Users/divyamkataria/GQ HACKS/wt-idea12/scripts/posthoc_idea12.py:253: FutureWarning: Downcasting object dtype arrays on .fillna, .ffill, .bfill is deprecated and will change in a future version. Call result.infer_objects(copy=False) instead. To opt-in to the future behavior, set `pd.set_option('future.no_silent_downcasting', True)`
  "excl_flagged": e_all[~e_all["flagged"].fillna(False).astype(bool)]}
/Users/divyamkataria/GQ HACKS/wt-idea12/scripts/posthoc_idea12.py:260: FutureWarning: Downcasting object dtype arrays on .fillna, .ffill, .bfill is deprecated and will change in a future version. Call result.infer_objects(copy=False) instead. To opt-in to the future behavior, set `pd.set_option('future.no_silent_downcasting', True)`
  "flagged_games": int(e_all["flagged"].fillna(False).astype(bool).sum()),
/Users/divyamkataria/GQ HACKS/wt-idea12/scripts/posthoc_idea12.py:260: FutureWarning: Downcasting object dtype arrays on .fillna, .ffill, .bfill is deprecated and will change in a future version. Call result.infer_objects(copy=False) instead. To opt-in to the future behavior, set `pd.set_option('future.no_silent_downcasting', True)`
  "flagged_games": int(e_all["flagged"].fillna(False).astype(bool).sum()),
/Users/divyamkataria/GQ HACKS/wt-idea12/scripts/posthoc_idea12.py:260: FutureWarning: Downcasting object dtype arrays on .fillna, .ffill, .bfill is deprecated and will change in a future version. Call result.infer_objects(copy=False) instead. To opt-in to the future behavior, set `pd.set_option('future.no_silent_downcasting', True)`
  "flagged_games": int(e_all["flagged"].fillna(False).astype(bool).sum()),
/Users/divyamkataria/GQ HACKS/wt-idea12/scripts/posthoc_idea12.py:260: FutureWarning: Downcasting object dtype arrays on .fillna, .ffill, .bfill is deprecated and will change in a future version. Call result.infer_objects(copy=False) instead. To opt-in to the future behavior, set `pd.set_option('future.no_silent_downcasting', True)`
  "flagged_games": int(e_all["flagged"].fillna(False).astype(bool).sum()),
/Users/divyamkataria/GQ HACKS/wt-idea12/scripts/posthoc_idea12.py:260: FutureWarning: Downcasting object dtype arrays on .fillna, .ffill, .bfill is deprecated and will change in a future version. Call result.infer_objects(copy=False) instead. To opt-in to the future behavior, set `pd.set_option('future.no_silent_downcasting', True)`
  "flagged_games": int(e_all["flagged"].fillna(False).astype(bool).sum()),
/Users/divyamkataria/GQ HACKS/wt-idea12/scripts/posthoc_idea12.py:260: FutureWarning: Downcasting object dtype arrays on .fillna, .ffill, .bfill is deprecated and will change in a future version. Call result.infer_objects(copy=False) instead. To opt-in to the future behavior, set `pd.set_option('future.no_silent_downcasting', True)`
  "flagged_games": int(e_all["flagged"].fillna(False).astype(bool).sum()),
/Users/divyamkataria/GQ HACKS/wt-idea12/scripts/posthoc_idea12.py:260: FutureWarning: Downcasting object dtype arrays on .fillna, .ffill, .bfill is deprecated and will change in a future version. Call result.infer_objects(copy=False) instead. To opt-in to the future behavior, set `pd.set_option('future.no_silent_downcasting', True)`
  "flagged_games": int(e_all["flagged"].fillna(False).astype(bool).sum()),
/Users/divyamkataria/GQ HACKS/wt-idea12/scripts/posthoc_idea12.py:260: FutureWarning: Downcasting object dtype arrays on .fillna, .ffill, .bfill is deprecated and will change in a future version. Call result.infer_objects(copy=False) instead. To opt-in to the future behavior, set `pd.set_option('future.no_silent_downcasting', True)`
  "flagged_games": int(e_all["flagged"].fillna(False).astype(bool).sum()),
/Users/divyamkataria/GQ HACKS/wt-idea12/scripts/posthoc_idea12.py:260: FutureWarning: Downcasting object dtype arrays on .fillna, .ffill, .bfill is deprecated and will change in a future version. Call result.infer_objects(copy=False) instead. To opt-in to the future behavior, set `pd.set_option('future.no_silent_downcasting', True)`
  "flagged_games": int(e_all["flagged"].fillna(False).astype(bool).sum()),
/Users/divyamkataria/GQ HACKS/wt-idea12/scripts/posthoc_idea12.py:260: FutureWarning: Downcasting object dtype arrays on .fillna, .ffill, .bfill is deprecated and will change in a future version. Call result.infer_objects(copy=False) instead. To opt-in to the future behavior, set `pd.set_option('future.no_silent_downcasting', True)`
  "flagged_games": int(e_all["flagged"].fillna(False).astype(bool).sum()),
/Users/divyamkataria/GQ HACKS/wt-idea12/scripts/posthoc_idea12.py:260: FutureWarning: Downcasting object dtype arrays on .fillna, .ffill, .bfill is deprecated and will change in a future version. Call result.infer_objects(copy=False) instead. To opt-in to the future behavior, set `pd.set_option('future.no_silent_downcasting', True)`
  "flagged_games": int(e_all["flagged"].fillna(False).astype(bool).sum()),
/Users/divyamkataria/GQ HACKS/wt-idea12/scripts/posthoc_idea12.py:260: FutureWarning: Downcasting object dtype arrays on .fillna, .ffill, .bfill is deprecated and will change in a future version. Call result.infer_objects(copy=False) instead. To opt-in to the future behavior, set `pd.set_option('future.no_silent_downcasting', True)`
  "flagged_games": int(e_all["flagged"].fillna(False).astype(bool).sum()),
/Users/divyamkataria/GQ HACKS/wt-idea12/scripts/posthoc_idea12.py:253: FutureWarning: Downcasting object dtype arrays on .fillna, .ffill, .bfill is deprecated and will change in a future version. Call result.infer_objects(copy=False) instead. To opt-in to the future behavior, set `pd.set_option('future.no_silent_downcasting', True)`
  "excl_flagged": e_all[~e_all["flagged"].fillna(False).astype(bool)]}
/Users/divyamkataria/GQ HACKS/wt-idea12/scripts/posthoc_idea12.py:260: FutureWarning: Downcasting object dtype arrays on .fillna, .ffill, .bfill is deprecated and will change in a future version. Call result.infer_objects(copy=False) instead. To opt-in to the future behavior, set `pd.set_option('future.no_silent_downcasting', True)`
  "flagged_games": int(e_all["flagged"].fillna(False).astype(bool).sum()),
/Users/divyamkataria/GQ HACKS/wt-idea12/scripts/posthoc_idea12.py:260: FutureWarning: Downcasting object dtype arrays on .fillna, .ffill, .bfill is deprecated and will change in a future version. Call result.infer_objects(copy=False) instead. To opt-in to the future behavior, set `pd.set_option('future.no_silent_downcasting', True)`
  "flagged_games": int(e_all["flagged"].fillna(False).astype(bool).sum()),
/Users/divyamkataria/GQ HACKS/wt-idea12/scripts/posthoc_idea12.py:260: FutureWarning: Downcasting object dtype arrays on .fillna, .ffill, .bfill is deprecated and will change in a future version. Call result.infer_objects(copy=False) instead. To opt-in to the future behavior, set `pd.set_option('future.no_silent_downcasting', True)`
  "flagged_games": int(e_all["flagged"].fillna(False).astype(bool).sum()),
/Users/divyamkataria/GQ HACKS/wt-idea12/scripts/posthoc_idea12.py:260: FutureWarning: Downcasting object dtype arrays on .fillna, .ffill, .bfill is deprecated and will change in a future version. Call result.infer_objects(copy=False) instead. To opt-in to the future behavior, set `pd.set_option('future.no_silent_downcasting', True)`
  "flagged_games": int(e_all["flagged"].fillna(False).astype(bool).sum()),
/Users/divyamkataria/GQ HACKS/wt-idea12/scripts/posthoc_idea12.py:260: FutureWarning: Downcasting object dtype arrays on .fillna, .ffill, .bfill is deprecated and will change in a future version. Call result.infer_objects(copy=False) instead. To opt-in to the future behavior, set `pd.set_option('future.no_silent_downcasting', True)`
  "flagged_games": int(e_all["flagged"].fillna(False).astype(bool).sum()),
/Users/divyamkataria/GQ HACKS/wt-idea12/scripts/posthoc_idea12.py:260: FutureWarning: Downcasting object dtype arrays on .fillna, .ffill, .bfill is deprecated and will change in a future version. Call result.infer_objects(copy=False) instead. To opt-in to the future behavior, set `pd.set_option('future.no_silent_downcasting', True)`
  "flagged_games": int(e_all["flagged"].fillna(False).astype(bool).sum()),
/Users/divyamkataria/GQ HACKS/wt-idea12/scripts/posthoc_idea12.py:260: FutureWarning: Downcasting object dtype arrays on .fillna, .ffill, .bfill is deprecated and will change in a future version. Call result.infer_objects(copy=False) instead. To opt-in to the future behavior, set `pd.set_option('future.no_silent_downcasting', True)`
  "flagged_games": int(e_all["flagged"].fillna(False).astype(bool).sum()),
/Users/divyamkataria/GQ HACKS/wt-idea12/scripts/posthoc_idea12.py:260: FutureWarning: Downcasting object dtype arrays on .fillna, .ffill, .bfill is deprecated and will change in a future version. Call result.infer_objects(copy=False) instead. To opt-in to the future behavior, set `pd.set_option('future.no_silent_downcasting', True)`
  "flagged_games": int(e_all["flagged"].fillna(False).astype(bool).sum()),
/Users/divyamkataria/GQ HACKS/wt-idea12/scripts/posthoc_idea12.py:260: FutureWarning: Downcasting object dtype arrays on .fillna, .ffill, .bfill is deprecated and will change in a future version. Call result.infer_objects(copy=False) instead. To opt-in to the future behavior, set `pd.set_option('future.no_silent_downcasting', True)`
  "flagged_games": int(e_all["flagged"].fillna(False).astype(bool).sum()),
/Users/divyamkataria/GQ HACKS/wt-idea12/scripts/posthoc_idea12.py:260: FutureWarning: Downcasting object dtype arrays on .fillna, .ffill, .bfill is deprecated and will change in a future version. Call result.infer_objects(copy=False) instead. To opt-in to the future behavior, set `pd.set_option('future.no_silent_downcasting', True)`
  "flagged_games": int(e_all["flagged"].fillna(False).astype(bool).sum()),
/Users/divyamkataria/GQ HACKS/wt-idea12/scripts/posthoc_idea12.py:260: FutureWarning: Downcasting object dtype arrays on .fillna, .ffill, .bfill is deprecated and will change in a future version. Call result.infer_objects(copy=False) instead. To opt-in to the future behavior, set `pd.set_option('future.no_silent_downcasting', True)`
  "flagged_games": int(e_all["flagged"].fillna(False).astype(bool).sum()),
/Users/divyamkataria/GQ HACKS/wt-idea12/scripts/posthoc_idea12.py:260: FutureWarning: Downcasting object dtype arrays on .fillna, .ffill, .bfill is deprecated and will change in a future version. Call result.infer_objects(copy=False) instead. To opt-in to the future behavior, set `pd.set_option('future.no_silent_downcasting', True)`
  "flagged_games": int(e_all["flagged"].fillna(False).astype(bool).sum()),
/Users/divyamkataria/GQ HACKS/wt-idea12/scripts/posthoc_idea12.py:253: FutureWarning: Downcasting object dtype arrays on .fillna, .ffill, .bfill is deprecated and will change in a future version. Call result.infer_objects(copy=False) instead. To opt-in to the future behavior, set `pd.set_option('future.no_silent_downcasting', True)`
  "excl_flagged": e_all[~e_all["flagged"].fillna(False).astype(bool)]}
/Users/divyamkataria/GQ HACKS/wt-idea12/scripts/posthoc_idea12.py:260: FutureWarning: Downcasting object dtype arrays on .fillna, .ffill, .bfill is deprecated and will change in a future version. Call result.infer_objects(copy=False) instead. To opt-in to the future behavior, set `pd.set_option('future.no_silent_downcasting', True)`
  "flagged_games": int(e_all["flagged"].fillna(False).astype(bool).sum()),
/Users/divyamkataria/GQ HACKS/wt-idea12/scripts/posthoc_idea12.py:260: FutureWarning: Downcasting object dtype arrays on .fillna, .ffill, .bfill is deprecated and will change in a future version. Call result.infer_objects(copy=False) instead. To opt-in to the future behavior, set `pd.set_option('future.no_silent_downcasting', True)`
  "flagged_games": int(e_all["flagged"].fillna(False).astype(bool).sum()),
/Users/divyamkataria/GQ HACKS/wt-idea12/scripts/posthoc_idea12.py:260: FutureWarning: Downcasting object dtype arrays on .fillna, .ffill, .bfill is deprecated and will change in a future version. Call result.infer_objects(copy=False) instead. To opt-in to the future behavior, set `pd.set_option('future.no_silent_downcasting', True)`
  "flagged_games": int(e_all["flagged"].fillna(False).astype(bool).sum()),
/Users/divyamkataria/GQ HACKS/wt-idea12/scripts/posthoc_idea12.py:260: FutureWarning: Downcasting object dtype arrays on .fillna, .ffill, .bfill is deprecated and will change in a future version. Call result.infer_objects(copy=False) instead. To opt-in to the future behavior, set `pd.set_option('future.no_silent_downcasting', True)`
  "flagged_games": int(e_all["flagged"].fillna(False).astype(bool).sum()),
/Users/divyamkataria/GQ HACKS/wt-idea12/scripts/posthoc_idea12.py:260: FutureWarning: Downcasting object dtype arrays on .fillna, .ffill, .bfill is deprecated and will change in a future version. Call result.infer_objects(copy=False) instead. To opt-in to the future behavior, set `pd.set_option('future.no_silent_downcasting', True)`
  "flagged_games": int(e_all["flagged"].fillna(False).astype(bool).sum()),
/Users/divyamkataria/GQ HACKS/wt-idea12/scripts/posthoc_idea12.py:260: FutureWarning: Downcasting object dtype arrays on .fillna, .ffill, .bfill is deprecated and will change in a future version. Call result.infer_objects(copy=False) instead. To opt-in to the future behavior, set `pd.set_option('future.no_silent_downcasting', True)`
  "flagged_games": int(e_all["flagged"].fillna(False).astype(bool).sum()),
/Users/divyamkataria/GQ HACKS/wt-idea12/scripts/posthoc_idea12.py:260: FutureWarning: Downcasting object dtype arrays on .fillna, .ffill, .bfill is deprecated and will change in a future version. Call result.infer_objects(copy=False) instead. To opt-in to the future behavior, set `pd.set_option('future.no_silent_downcasting', True)`
  "flagged_games": int(e_all["flagged"].fillna(False).astype(bool).sum()),
/Users/divyamkataria/GQ HACKS/wt-idea12/scripts/posthoc_idea12.py:260: FutureWarning: Downcasting object dtype arrays on .fillna, .ffill, .bfill is deprecated and will change in a future version. Call result.infer_objects(copy=False) instead. To opt-in to the future behavior, set `pd.set_option('future.no_silent_downcasting', True)`
  "flagged_games": int(e_all["flagged"].fillna(False).astype(bool).sum()),
/Users/divyamkataria/GQ HACKS/wt-idea12/scripts/posthoc_idea12.py:260: FutureWarning: Downcasting object dtype arrays on .fillna, .ffill, .bfill is deprecated and will change in a future version. Call result.infer_objects(copy=False) instead. To opt-in to the future behavior, set `pd.set_option('future.no_silent_downcasting', True)`
  "flagged_games": int(e_all["flagged"].fillna(False).astype(bool).sum()),
/Users/divyamkataria/GQ HACKS/wt-idea12/scripts/posthoc_idea12.py:260: FutureWarning: Downcasting object dtype arrays on .fillna, .ffill, .bfill is deprecated and will change in a future version. Call result.infer_objects(copy=False) instead. To opt-in to the future behavior, set `pd.set_option('future.no_silent_downcasting', True)`
  "flagged_games": int(e_all["flagged"].fillna(False).astype(bool).sum()),
/Users/divyamkataria/GQ HACKS/wt-idea12/scripts/posthoc_idea12.py:260: FutureWarning: Downcasting object dtype arrays on .fillna, .ffill, .bfill is deprecated and will change in a future version. Call result.infer_objects(copy=False) instead. To opt-in to the future behavior, set `pd.set_option('future.no_silent_downcasting', True)`
  "flagged_games": int(e_all["flagged"].fillna(False).astype(bool).sum()),
/Users/divyamkataria/GQ HACKS/wt-idea12/scripts/posthoc_idea12.py:260: FutureWarning: Downcasting object dtype arrays on .fillna, .ffill, .bfill is deprecated and will change in a future version. Call result.infer_objects(copy=False) instead. To opt-in to the future behavior, set `pd.set_option('future.no_silent_downcasting', True)`
  "flagged_games": int(e_all["flagged"].fillna(False).astype(bool).sum()),
/Users/divyamkataria/GQ HACKS/wt-idea12/scripts/posthoc_idea12.py:253: FutureWarning: Downcasting object dtype arrays on .fillna, .ffill, .bfill is deprecated and will change in a future version. Call result.infer_objects(copy=False) instead. To opt-in to the future behavior, set `pd.set_option('future.no_silent_downcasting', True)`
  "excl_flagged": e_all[~e_all["flagged"].fillna(False).astype(bool)]}
/Users/divyamkataria/GQ HACKS/wt-idea12/scripts/posthoc_idea12.py:260: FutureWarning: Downcasting object dtype arrays on .fillna, .ffill, .bfill is deprecated and will change in a future version. Call result.infer_objects(copy=False) instead. To opt-in to the future behavior, set `pd.set_option('future.no_silent_downcasting', True)`
  "flagged_games": int(e_all["flagged"].fillna(False).astype(bool).sum()),
/Users/divyamkataria/GQ HACKS/wt-idea12/scripts/posthoc_idea12.py:260: FutureWarning: Downcasting object dtype arrays on .fillna, .ffill, .bfill is deprecated and will change in a future version. Call result.infer_objects(copy=False) instead. To opt-in to the future behavior, set `pd.set_option('future.no_silent_downcasting', True)`
  "flagged_games": int(e_all["flagged"].fillna(False).astype(bool).sum()),
/Users/divyamkataria/GQ HACKS/wt-idea12/scripts/posthoc_idea12.py:260: FutureWarning: Downcasting object dtype arrays on .fillna, .ffill, .bfill is deprecated and will change in a future version. Call result.infer_objects(copy=False) instead. To opt-in to the future behavior, set `pd.set_option('future.no_silent_downcasting', True)`
  "flagged_games": int(e_all["flagged"].fillna(False).astype(bool).sum()),
/Users/divyamkataria/GQ HACKS/wt-idea12/scripts/posthoc_idea12.py:260: FutureWarning: Downcasting object dtype arrays on .fillna, .ffill, .bfill is deprecated and will change in a future version. Call result.infer_objects(copy=False) instead. To opt-in to the future behavior, set `pd.set_option('future.no_silent_downcasting', True)`
  "flagged_games": int(e_all["flagged"].fillna(False).astype(bool).sum()),
/Users/divyamkataria/GQ HACKS/wt-idea12/scripts/posthoc_idea12.py:260: FutureWarning: Downcasting object dtype arrays on .fillna, .ffill, .bfill is deprecated and will change in a future version. Call result.infer_objects(copy=False) instead. To opt-in to the future behavior, set `pd.set_option('future.no_silent_downcasting', True)`
  "flagged_games": int(e_all["flagged"].fillna(False).astype(bool).sum()),
/Users/divyamkataria/GQ HACKS/wt-idea12/scripts/posthoc_idea12.py:260: FutureWarning: Downcasting object dtype arrays on .fillna, .ffill, .bfill is deprecated and will change in a future version. Call result.infer_objects(copy=False) instead. To opt-in to the future behavior, set `pd.set_option('future.no_silent_downcasting', True)`
  "flagged_games": int(e_all["flagged"].fillna(False).astype(bool).sum()),
/Users/divyamkataria/GQ HACKS/wt-idea12/scripts/posthoc_idea12.py:260: FutureWarning: Downcasting object dtype arrays on .fillna, .ffill, .bfill is deprecated and will change in a future version. Call result.infer_objects(copy=False) instead. To opt-in to the future behavior, set `pd.set_option('future.no_silent_downcasting', True)`
  "flagged_games": int(e_all["flagged"].fillna(False).astype(bool).sum()),
/Users/divyamkataria/GQ HACKS/wt-idea12/scripts/posthoc_idea12.py:260: FutureWarning: Downcasting object dtype arrays on .fillna, .ffill, .bfill is deprecated and will change in a future version. Call result.infer_objects(copy=False) instead. To opt-in to the future behavior, set `pd.set_option('future.no_silent_downcasting', True)`
  "flagged_games": int(e_all["flagged"].fillna(False).astype(bool).sum()),
/Users/divyamkataria/GQ HACKS/wt-idea12/scripts/posthoc_idea12.py:260: FutureWarning: Downcasting object dtype arrays on .fillna, .ffill, .bfill is deprecated and will change in a future version. Call result.infer_objects(copy=False) instead. To opt-in to the future behavior, set `pd.set_option('future.no_silent_downcasting', True)`
  "flagged_games": int(e_all["flagged"].fillna(False).astype(bool).sum()),
/Users/divyamkataria/GQ HACKS/wt-idea12/scripts/posthoc_idea12.py:260: FutureWarning: Downcasting object dtype arrays on .fillna, .ffill, .bfill is deprecated and will change in a future version. Call result.infer_objects(copy=False) instead. To opt-in to the future behavior, set `pd.set_option('future.no_silent_downcasting', True)`
  "flagged_games": int(e_all["flagged"].fillna(False).astype(bool).sum()),
/Users/divyamkataria/GQ HACKS/wt-idea12/scripts/posthoc_idea12.py:260: FutureWarning: Downcasting object dtype arrays on .fillna, .ffill, .bfill is deprecated and will change in a future version. Call result.infer_objects(copy=False) instead. To opt-in to the future behavior, set `pd.set_option('future.no_silent_downcasting', True)`
  "flagged_games": int(e_all["flagged"].fillna(False).astype(bool).sum()),
/Users/divyamkataria/GQ HACKS/wt-idea12/scripts/posthoc_idea12.py:260: FutureWarning: Downcasting object dtype arrays on .fillna, .ffill, .bfill is deprecated and will change in a future version. Call result.infer_objects(copy=False) instead. To opt-in to the future behavior, set `pd.set_option('future.no_silent_downcasting', True)`
  "flagged_games": int(e_all["flagged"].fillna(False).astype(bool).sum()),
/Users/divyamkataria/GQ HACKS/wt-idea12/scripts/posthoc_idea12.py:253: FutureWarning: Downcasting object dtype arrays on .fillna, .ffill, .bfill is deprecated and will change in a future version. Call result.infer_objects(copy=False) instead. To opt-in to the future behavior, set `pd.set_option('future.no_silent_downcasting', True)`
  "excl_flagged": e_all[~e_all["flagged"].fillna(False).astype(bool)]}
/Users/divyamkataria/GQ HACKS/wt-idea12/scripts/posthoc_idea12.py:260: FutureWarning: Downcasting object dtype arrays on .fillna, .ffill, .bfill is deprecated and will change in a future version. Call result.infer_objects(copy=False) instead. To opt-in to the future behavior, set `pd.set_option('future.no_silent_downcasting', True)`
  "flagged_games": int(e_all["flagged"].fillna(False).astype(bool).sum()),
/Users/divyamkataria/GQ HACKS/wt-idea12/scripts/posthoc_idea12.py:260: FutureWarning: Downcasting object dtype arrays on .fillna, .ffill, .bfill is deprecated and will change in a future version. Call result.infer_objects(copy=False) instead. To opt-in to the future behavior, set `pd.set_option('future.no_silent_downcasting', True)`
  "flagged_games": int(e_all["flagged"].fillna(False).astype(bool).sum()),
/Users/divyamkataria/GQ HACKS/wt-idea12/scripts/posthoc_idea12.py:260: FutureWarning: Downcasting object dtype arrays on .fillna, .ffill, .bfill is deprecated and will change in a future version. Call result.infer_objects(copy=False) instead. To opt-in to the future behavior, set `pd.set_option('future.no_silent_downcasting', True)`
  "flagged_games": int(e_all["flagged"].fillna(False).astype(bool).sum()),
/Users/divyamkataria/GQ HACKS/wt-idea12/scripts/posthoc_idea12.py:260: FutureWarning: Downcasting object dtype arrays on .fillna, .ffill, .bfill is deprecated and will change in a future version. Call result.infer_objects(copy=False) instead. To opt-in to the future behavior, set `pd.set_option('future.no_silent_downcasting', True)`
  "flagged_games": int(e_all["flagged"].fillna(False).astype(bool).sum()),
/Users/divyamkataria/GQ HACKS/wt-idea12/scripts/posthoc_idea12.py:260: FutureWarning: Downcasting object dtype arrays on .fillna, .ffill, .bfill is deprecated and will change in a future version. Call result.infer_objects(copy=False) instead. To opt-in to the future behavior, set `pd.set_option('future.no_silent_downcasting', True)`
  "flagged_games": int(e_all["flagged"].fillna(False).astype(bool).sum()),
/Users/divyamkataria/GQ HACKS/wt-idea12/scripts/posthoc_idea12.py:260: FutureWarning: Downcasting object dtype arrays on .fillna, .ffill, .bfill is deprecated and will change in a future version. Call result.infer_objects(copy=False) instead. To opt-in to the future behavior, set `pd.set_option('future.no_silent_downcasting', True)`
  "flagged_games": int(e_all["flagged"].fillna(False).astype(bool).sum()),
/Users/divyamkataria/GQ HACKS/wt-idea12/scripts/posthoc_idea12.py:260: FutureWarning: Downcasting object dtype arrays on .fillna, .ffill, .bfill is deprecated and will change in a future version. Call result.infer_objects(copy=False) instead. To opt-in to the future behavior, set `pd.set_option('future.no_silent_downcasting', True)`
  "flagged_games": int(e_all["flagged"].fillna(False).astype(bool).sum()),
/Users/divyamkataria/GQ HACKS/wt-idea12/scripts/posthoc_idea12.py:260: FutureWarning: Downcasting object dtype arrays on .fillna, .ffill, .bfill is deprecated and will change in a future version. Call result.infer_objects(copy=False) instead. To opt-in to the future behavior, set `pd.set_option('future.no_silent_downcasting', True)`
  "flagged_games": int(e_all["flagged"].fillna(False).astype(bool).sum()),
/Users/divyamkataria/GQ HACKS/wt-idea12/scripts/posthoc_idea12.py:260: FutureWarning: Downcasting object dtype arrays on .fillna, .ffill, .bfill is deprecated and will change in a future version. Call result.infer_objects(copy=False) instead. To opt-in to the future behavior, set `pd.set_option('future.no_silent_downcasting', True)`
  "flagged_games": int(e_all["flagged"].fillna(False).astype(bool).sum()),
/Users/divyamkataria/GQ HACKS/wt-idea12/scripts/posthoc_idea12.py:260: FutureWarning: Downcasting object dtype arrays on .fillna, .ffill, .bfill is deprecated and will change in a future version. Call result.infer_objects(copy=False) instead. To opt-in to the future behavior, set `pd.set_option('future.no_silent_downcasting', True)`
  "flagged_games": int(e_all["flagged"].fillna(False).astype(bool).sum()),
/Users/divyamkataria/GQ HACKS/wt-idea12/scripts/posthoc_idea12.py:260: FutureWarning: Downcasting object dtype arrays on .fillna, .ffill, .bfill is deprecated and will change in a future version. Call result.infer_objects(copy=False) instead. To opt-in to the future behavior, set `pd.set_option('future.no_silent_downcasting', True)`
  "flagged_games": int(e_all["flagged"].fillna(False).astype(bool).sum()),
/Users/divyamkataria/GQ HACKS/wt-idea12/scripts/posthoc_idea12.py:260: FutureWarning: Downcasting object dtype arrays on .fillna, .ffill, .bfill is deprecated and will change in a future version. Call result.infer_objects(copy=False) instead. To opt-in to the future behavior, set `pd.set_option('future.no_silent_downcasting', True)`
  "flagged_games": int(e_all["flagged"].fillna(False).astype(bool).sum()),
/Users/divyamkataria/GQ HACKS/wt-idea12/scripts/posthoc_idea12.py:253: FutureWarning: Downcasting object dtype arrays on .fillna, .ffill, .bfill is deprecated and will change in a future version. Call result.infer_objects(copy=False) instead. To opt-in to the future behavior, set `pd.set_option('future.no_silent_downcasting', True)`
  "excl_flagged": e_all[~e_all["flagged"].fillna(False).astype(bool)]}
/Users/divyamkataria/GQ HACKS/wt-idea12/scripts/posthoc_idea12.py:260: FutureWarning: Downcasting object dtype arrays on .fillna, .ffill, .bfill is deprecated and will change in a future version. Call result.infer_objects(copy=False) instead. To opt-in to the future behavior, set `pd.set_option('future.no_silent_downcasting', True)`
  "flagged_games": int(e_all["flagged"].fillna(False).astype(bool).sum()),
/Users/divyamkataria/GQ HACKS/wt-idea12/scripts/posthoc_idea12.py:260: FutureWarning: Downcasting object dtype arrays on .fillna, .ffill, .bfill is deprecated and will change in a future version. Call result.infer_objects(copy=False) instead. To opt-in to the future behavior, set `pd.set_option('future.no_silent_downcasting', True)`
  "flagged_games": int(e_all["flagged"].fillna(False).astype(bool).sum()),
/Users/divyamkataria/GQ HACKS/wt-idea12/scripts/posthoc_idea12.py:260: FutureWarning: Downcasting object dtype arrays on .fillna, .ffill, .bfill is deprecated and will change in a future version. Call result.infer_objects(copy=False) instead. To opt-in to the future behavior, set `pd.set_option('future.no_silent_downcasting', True)`
  "flagged_games": int(e_all["flagged"].fillna(False).astype(bool).sum()),
/Users/divyamkataria/GQ HACKS/wt-idea12/scripts/posthoc_idea12.py:260: FutureWarning: Downcasting object dtype arrays on .fillna, .ffill, .bfill is deprecated and will change in a future version. Call result.infer_objects(copy=False) instead. To opt-in to the future behavior, set `pd.set_option('future.no_silent_downcasting', True)`
  "flagged_games": int(e_all["flagged"].fillna(False).astype(bool).sum()),
/Users/divyamkataria/GQ HACKS/wt-idea12/scripts/posthoc_idea12.py:260: FutureWarning: Downcasting object dtype arrays on .fillna, .ffill, .bfill is deprecated and will change in a future version. Call result.infer_objects(copy=False) instead. To opt-in to the future behavior, set `pd.set_option('future.no_silent_downcasting', True)`
  "flagged_games": int(e_all["flagged"].fillna(False).astype(bool).sum()),
/Users/divyamkataria/GQ HACKS/wt-idea12/scripts/posthoc_idea12.py:260: FutureWarning: Downcasting object dtype arrays on .fillna, .ffill, .bfill is deprecated and will change in a future version. Call result.infer_objects(copy=False) instead. To opt-in to the future behavior, set `pd.set_option('future.no_silent_downcasting', True)`
  "flagged_games": int(e_all["flagged"].fillna(False).astype(bool).sum()),
/Users/divyamkataria/GQ HACKS/wt-idea12/scripts/posthoc_idea12.py:260: FutureWarning: Downcasting object dtype arrays on .fillna, .ffill, .bfill is deprecated and will change in a future version. Call result.infer_objects(copy=False) instead. To opt-in to the future behavior, set `pd.set_option('future.no_silent_downcasting', True)`
  "flagged_games": int(e_all["flagged"].fillna(False).astype(bool).sum()),
/Users/divyamkataria/GQ HACKS/wt-idea12/scripts/posthoc_idea12.py:260: FutureWarning: Downcasting object dtype arrays on .fillna, .ffill, .bfill is deprecated and will change in a future version. Call result.infer_objects(copy=False) instead. To opt-in to the future behavior, set `pd.set_option('future.no_silent_downcasting', True)`
  "flagged_games": int(e_all["flagged"].fillna(False).astype(bool).sum()),
/Users/divyamkataria/GQ HACKS/wt-idea12/scripts/posthoc_idea12.py:260: FutureWarning: Downcasting object dtype arrays on .fillna, .ffill, .bfill is deprecated and will change in a future version. Call result.infer_objects(copy=False) instead. To opt-in to the future behavior, set `pd.set_option('future.no_silent_downcasting', True)`
  "flagged_games": int(e_all["flagged"].fillna(False).astype(bool).sum()),
/Users/divyamkataria/GQ HACKS/wt-idea12/scripts/posthoc_idea12.py:260: FutureWarning: Downcasting object dtype arrays on .fillna, .ffill, .bfill is deprecated and will change in a future version. Call result.infer_objects(copy=False) instead. To opt-in to the future behavior, set `pd.set_option('future.no_silent_downcasting', True)`
  "flagged_games": int(e_all["flagged"].fillna(False).astype(bool).sum()),
/Users/divyamkataria/GQ HACKS/wt-idea12/scripts/posthoc_idea12.py:260: FutureWarning: Downcasting object dtype arrays on .fillna, .ffill, .bfill is deprecated and will change in a future version. Call result.infer_objects(copy=False) instead. To opt-in to the future behavior, set `pd.set_option('future.no_silent_downcasting', True)`
  "flagged_games": int(e_all["flagged"].fillna(False).astype(bool).sum()),
/Users/divyamkataria/GQ HACKS/wt-idea12/scripts/posthoc_idea12.py:260: FutureWarning: Downcasting object dtype arrays on .fillna, .ffill, .bfill is deprecated and will change in a future version. Call result.infer_objects(copy=False) instead. To opt-in to the future behavior, set `pd.set_option('future.no_silent_downcasting', True)`
  "flagged_games": int(e_all["flagged"].fillna(False).astype(bool).sum()),
selected k (training rule): 0.03
                                           label   sample    k     leg subset      fee_line costs  games  skip_no_signal  skip_no_post-decision_trade  skip_fill_at_0.99  skip_void_unsettled  skip_missing_market  flagged_games  trades  wins  losses  mean_fill  win_rate  mean_g  roc_mean  roc_ci_lo  roc_ci_hi  cents_per_contract  pnl_total  game_days  sharpe_x365  sharpe_daily  max_drawdown  skew_daily  worst_trade  worst_day  excl_top5_roc  excl_top5_pnl
post-hoc, exploratory; selected on training only training 0.03  signal    all kalshi_direct    x1    963             101                           30                  0                    0                    3              1     829   411     417     0.4935    0.4964  0.0467   -0.0519    -0.1358     0.0384             -1.0969     -90.93        113      -0.9651       -0.0635        162.19     -0.7012        -9.07     -58.46        -0.0915        -134.12
post-hoc, exploratory; selected on training only training 0.03 placebo    all kalshi_direct    x1    963              55                           35                  2                    0                    3              0     868   432     435     0.5355    0.4983 -0.0438   -0.1323    -0.2072    -0.0580             -5.0802    -440.96        113      -4.4686       -0.2987        465.12     -1.4430        -9.54     -62.85        -0.1716        -484.16
post-hoc, exploratory; selected on training only training 0.05  signal    all kalshi_direct    x1    963             247                           21                  0                    0                    3              1     692   329     362     0.4767    0.4762  0.0781   -0.0550    -0.1475     0.0385             -1.4931    -103.32        107      -1.1185       -0.0757        246.54      0.2123        -8.97     -43.03        -0.1010        -146.30
post-hoc, exploratory; selected on training only training 0.05 placebo    all kalshi_direct    x1    963             189                           24                  0                    0                    3              1     747   375     371     0.5421    0.5027 -0.0734   -0.1205    -0.1998    -0.0427             -5.3826    -402.08        107      -3.4506       -0.2358        424.62     -1.2529        -9.35     -75.58        -0.1630        -444.85
post-hoc, exploratory; selected on training only training 0.08  signal    all kalshi_direct    x1    963             466                            5                  0                    0                    3              3     489   216     272     0.4449    0.4427  0.1292   -0.0646    -0.1754     0.0570             -1.6642     -81.38         94      -1.1846       -0.0855        175.15      0.5779        -9.44     -30.47        -0.1270        -123.62
post-hoc, exploratory; selected on training only training 0.08 placebo    all kalshi_direct    x1    963             400                           11                  5                    0                    3              3     544   311     232     0.5818    0.5726 -0.1249   -0.0454    -0.1320     0.0421             -2.3472    -127.69         95      -1.6793       -0.1208        150.57     -1.2118        -9.16     -54.33        -0.0936        -169.41
