Post-run correction: original execution model conditioned on the second leg clearing in the future.
re-pricing 3039 detected opportunities in 84 games
  1/84 cfb_20261003_mtu_ku ops=291
  2/84 cfb_20261003_navy_afa ops=23
  3/84 cfb_20261003_nd_unc ops=4
  4/84 cfb_20261003_wvu_isu ops=141
  5/84 cfb_20261003_prin_clmb ops=6
  6/84 cfb_20261003_syr_conn ops=3
  7/84 cfb_20261003_brwn_uri ops=3
  8/84 cfb_20261003_mhu_liu ops=14
  9/84 cfb_20261003_mich_minn ops=53
  10/84 cfb_20261003_mrmk_yale ops=18
  11/84 cfb_20261003_ucf_hou ops=13
  12/84 cfb_20261003_ust_pre ops=44
  13/84 cfb_20261003_ala_msst ops=5
  14/84 cfb_20261003_bc_smu ops=8
  15/84 cfb_20261003_msu_wis ops=1
  16/84 cfb_20261003_cor_gtwn ops=6
  17/84 cfb_20261003_rich_laf ops=151
  18/84 cfb_20261003_wmu_buff ops=100
  19/84 cfb_20261003_day_drke ops=3
  20/84 cfb_20261003_valp_more ops=2
  21/84 cfb_20261003_elon_unh ops=50
  22/84 cfb_20261003_morg_vill ops=141
  23/84 cfb_20261003_tows_monm ops=6
  24/84 cfb_20261003_penn_dart ops=15
  25/84 cfb_20261003_mer_vmi ops=4
  26/84 cfb_20261003_tol_ball ops=22
  27/84 cfb_20261003_norf_rmu ops=17
  28/84 cfb_20261003_wof_fur ops=7
  29/84 cfb_20261003_cit_scst ops=32
  30/84 cfb_20261003_pv_mvsu ops=2
  31/84 cfb_20261003_inst_sdak ops=5
  32/84 cfb_20261003_alcn_gram ops=59
  33/84 cfb_20261003_how_hamp ops=2
  34/84 cfb_20261003_shu_me ops=3
  35/84 cfb_20261003_cal_unlv ops=85
  36/84 cfb_20261003_osu_iowa ops=11
  37/84 cfb_20261003_ohio_kent ops=74
  38/84 cfb_20261003_odu_gast ops=1
  39/84 cfb_20261003_bgsu_moh ops=97
  40/84 cfb_20261003_aub_tenn ops=59
  41/84 cfb_20261003_lou_ncst ops=98
  42/84 cfb_20261003_wyo_ndsu ops=52
  43/84 cfb_20261003_akr_cmu ops=12
  44/84 cfb_20261003_hc_wm ops=3
  45/84 cfb_20261003_dsu_alby ops=1
  46/84 cfb_20261003_emu_mass ops=38
  47/84 cfb_20261003_fla_mizz ops=17
  48/84 cfb_20261003_uva_fsu ops=20
  49/84 cfb_20261003_mrsh_jmu ops=5
  50/84 cfb_20261003_md_neb ops=44
  51/84 cfb_20261003_alst_cook ops=81
  52/84 cfb_20261003_unco_mont ops=7
  53/84 cfb_20261003_tnst_wiu ops=33
  54/84 cfb_20261003_uk_scar ops=226
  55/84 cfb_20261003_pur_ill ops=24
  56/84 cfb_20261003_aamu_jkst ops=31
  57/84 cfb_20261003_ysu_siu ops=4
  58/84 cfb_20261003_camp_nccu ops=12
  59/84 cfb_20261003_iw_sfa ops=18
  60/84 cfb_20261003_webb_chso ops=3
  61/84 cfb_20261003_orst_csu ops=11
  62/84 cfb_20261003_tntc_wcu ops=4
  63/84 cfb_20261003_ncat_bry ops=9
  64/84 cfb_20261003_una_eky ops=42
  65/84 cfb_20261003_gaso_ccar ops=20
  66/84 cfb_20261003_ark_txam ops=10
  67/84 cfb_20261003_utsa_rice ops=26
  68/84 cfb_20261003_utrgv_etam ops=7
  69/84 cfb_20261003_sdst_ilst ops=1
  70/84 cfb_20261003_colg_harv ops=76
  71/84 cfb_20261003_arpb_sou ops=4
  72/84 cfb_20261003_nich_hcu ops=1
  73/84 cfb_20261003_ulm_usa ops=13
  74/84 cfb_20261003_byu_tcu ops=18
  75/84 cfb_20261003_tem_usf ops=28
  76/84 cfb_20261003_ttu_colo ops=34
  77/84 cfb_20261003_mia_clem ops=15
  78/84 cfb_20261003_army_lt ops=11
  79/84 cfb_20261003_wash_usc ops=77
  80/84 cfb_20261004_web_cp ops=162
  81/84 cfb_20261004_uwfl_ac ops=4
  82/84 cfb_20261004_nau_idst ops=7
  83/84 cfb_20261004_suu_utu ops=114
  84/84 cfb_20261004_arst_ull ops=35
# Idea 11 (b): corrected execution (2026-10-04 04:40 ET)

**Post-run correction: original execution model conditioned on the second leg clearing in the future.**

post-hoc, exploratory; market-efficiency measurement; polymarket.com is not available to US persons; not a strategy available to the authors.

Re-priced from the committed detection output (opportunities.csv of the run in 9d06979; settlements as fixed in fc95b81). Detection unchanged, SPEC.md unchanged. Script: scripts/posthoc_idea11_corrected.py. Model: independent IOC limit orders at the detected best asks a_K, a_P; book state at a fill time = latest snapshot with venue timestamp <= that time; Kalshi leg at t + L, polymarket.com leg at t + L + delay (1 s for every game); fill price = best ask then, size = min(10, displayed size); hedged = min of the two fills; the rest is naked. Primary: naked held to settlement. Secondary: naked unwound at that venue's best bid at failure time + 1 s with its fee, failure time = the naked leg's own fill time (if that bid side is empty, held to settlement and counted). Fees per order at executed size (Kalshi rounded up to the cent; polymarket.com rounded half-up to 5 decimals); each order's fee is split between hedged and naked contracts by quantity.

Per contract = P&L / sum over attempts of the larger leg fill. Game bootstrap 95% CI, 2,000 reps, seed 20261004. Excluding top 5 = the 5 games with the highest P&L under that treatment.

## Fill outcomes per L (all detected attempts)

| L (s) | attempts | both filled | Kalshi only | polymarket.com only | neither | unsettled excluded | hedged contracts | naked contracts |
|---|---|---|---|---|---|---|---|---|
| 0.25 | 3039 | 733 | 1434 | 449 | 423 | 1 | 2977.25 | 20131.81 |
| 0.5 | 3039 | 692 | 1435 | 470 | 442 | 1 | 2746.29 | 20346.49 |
| 1.0 | 3039 | 613 | 1466 | 536 | 424 | 1 | 2485.32 | 20518.59 |

## P&L, Primary: naked held to settlement

| L (s) | total $ | 95% CI | per attempt $ | 95% CI | per contract $ | 95% CI | ex top 5 total $ | ex top 5 per contract $ |
|---|---|---|---|---|---|---|---|---|
| 0.25 | -348.04 | [-1170.93, 411.70] | -0.1146 | [-0.3711, 0.1437] | -0.0151 | [-0.0515, 0.0192] | -847.10 | -0.0432 |
| 0.5 | -346.09 | [-1217.38, 464.55] | -0.1139 | [-0.3819, 0.1475] | -0.0150 | [-0.0522, 0.0197] | -853.71 | -0.0434 |
| 1.0 | -361.48 | [-1227.53, 436.82] | -0.1190 | [-0.3886, 0.1496] | -0.0157 | [-0.0539, 0.0198] | -884.90 | -0.0459 |

## P&L, Secondary: naked unwound at best bid, failure time + 1 s

| L (s) | total $ | 95% CI | per attempt $ | 95% CI | per contract $ | 95% CI | ex top 5 total $ | ex top 5 per contract $ |
|---|---|---|---|---|---|---|---|---|
| 0.25 | -697.18 | [-941.94, -476.26] | -0.2295 | [-0.2737, -0.1837] | -0.0302 | [-0.0372, -0.0231] | -709.40 | -0.0314 |
| 0.5 | -702.21 | [-946.93, -479.46] | -0.2311 | [-0.2747, -0.1854] | -0.0304 | [-0.0373, -0.0231] | -713.70 | -0.0315 |
| 1.0 | -724.96 | [-986.61, -488.36] | -0.2386 | [-0.2847, -0.1893] | -0.0315 | [-0.0386, -0.0237] | -735.15 | -0.0325 |

## Hedged vs naked split ($)

| L (s) | hedged | naked, held | naked, unwound | unwind bid side empty (held instead) | unwind bid size < naked qty |
|---|---|---|---|---|---|
| 0.25 | 22.66 | -370.70 | -719.84 | 60 | 493 |
| 0.5 | 24.06 | -370.14 | -726.27 | 62 | 499 |
| 1.0 | 26.29 | -387.77 | -751.25 | 56 | 425 |

## Original model (fc95b81, for comparison; conditioned on the second leg clearing)

| L (s) | executed | total $ | per contract $ |
|---|---|---|---|
| 0.25 | 517 | 58.48 | 0.0152 |
| 0.5 | 543 | 63.56 | 0.0167 |
| 1.0 | 453 | 54.01 | 0.0165 |

Per-attempt rows: corrected_attempts.csv (untracked; regenerate with the command in README.md).
