post-hoc, exploratory; broad search over strategies already seen to fail on training; walk-forward on training only; every grid point is a trial; holdout not run
pool 18565; eval weeks 19; eval candidates 17216; dates 112
  a_consensus_m2_allphase_hyp: 1265 trades
  a_consensus_m2_allphase_all: 2129 trades
  a_consensus_m2_pre_hyp: 118 trades
  a_consensus_m2_pre_all: 238 trades
  a_consensus_m3_allphase_hyp: 596 trades
  a_consensus_m3_allphase_all: 1676 trades
  a_consensus_m3_pre_hyp: 2 trades
  a_consensus_m3_pre_all: 7 trades
  b_hedge_eta0.1: 6220 trades
  b_hedge_eta0.5: 1599 trades
  b_thompson: 1354 trades
  c_price_ge080: 88 trades
  c_price_le020: 133 trades
  c_price_040to060: 236 trades
  d_ctx_consensus_N20: 683 trades
  d_ctx_consensus_N50: 495 trades
  e_fine_I7_signal: 0 trades
  e_fine_I7_placebo: 151 trades
  e_fine_I8_fade: 34 trades
  e_fine_I8_placebo: 44 trades
  e_fine_I9_signal: 109 trades
  e_fine_I9_placebo: 24 trades
  e_fine_I12_signal: 116 trades
  e_fine_I12_placebo: 54 trades
  e_fine_I13_signal: 0 trades
  e_fine_I13_placebo: 17 trades
  e_fine_union: 549 trades
  a_consensus_m2_allphase_hyp_sized: 1265 trades
  a_consensus_m2_allphase_all_sized: 2129 trades
  a_consensus_m2_pre_hyp_sized: 118 trades
  a_consensus_m2_pre_all_sized: 238 trades
  a_consensus_m3_allphase_hyp_sized: 596 trades
  a_consensus_m3_allphase_all_sized: 1676 trades
  a_consensus_m3_pre_hyp_sized: 2 trades
  a_consensus_m3_pre_all_sized: 7 trades
  b_hedge_eta0.1_sized: 6220 trades
  b_hedge_eta0.5_sized: 1599 trades
  b_thompson_sized: 1354 trades
  c_price_ge080_sized: 88 trades
  c_price_le020_sized: 133 trades
  c_price_040to060_sized: 236 trades
  d_ctx_consensus_N20_sized: 683 trades
  d_ctx_consensus_N50_sized: 495 trades
  e_fine_I7_signal_sized: 0 trades
  e_fine_I7_placebo_sized: 151 trades
  e_fine_I8_fade_sized: 34 trades
  e_fine_I8_placebo_sized: 44 trades
  e_fine_I9_signal_sized: 109 trades
  e_fine_I9_placebo_sized: 24 trades
  e_fine_I12_signal_sized: 116 trades
  e_fine_I12_placebo_sized: 54 trades
  e_fine_I13_signal_sized: 0 trades
  e_fine_I13_placebo_sized: 17 trades
  e_fine_union_sized: 549 trades
                            trial  trades     roc  roc_ci_lo  roc_ci_hi  net_c_per_contract  pnl_total  sharpe_x365  max_drawdown  excl_top5_roc  rw_adj_p  holm_reject  candidate_edge
           e_fine_I9_signal_sized     109  0.1938    -0.1195     0.5486              2.4339     53.060       1.4945        93.890        -0.0932    0.9905        False           False
                 e_fine_I9_signal     109  0.1926    -0.1203     0.5475              2.4037     26.200       1.4767        47.080        -0.0939    0.9955        False           False
           a_consensus_m3_pre_hyp       2  0.1449     0.1390     0.1507             12.6500      2.530     379.7602         0.000            NaN    0.9995         True           False
     a_consensus_m3_pre_hyp_sized       2  0.1442     0.1390     0.1494             12.6000      1.260     425.5416         0.000            NaN    0.9995         True           False
           a_consensus_m3_pre_all       7  0.1102     0.0905     0.1318              9.8714      6.910      76.6128         0.000         0.0806    0.9985         True           False
     a_consensus_m3_pre_all_sized       7  0.1079     0.0933     0.1281              9.7000      4.850      35.8811         0.000         0.0800    0.9985         True           False
           a_consensus_m2_pre_hyp     118  0.0212    -0.0486     0.0919              1.3890     16.390       1.5820        22.630        -0.0104    0.9975        False           False
     a_consensus_m2_pre_hyp_sized     118  0.0212    -0.0436     0.0804              1.4866     14.940       1.5891        20.020         0.0003    0.9975        False           False
                    c_price_ge080      88 -0.0110    -0.1054     0.0767             -0.6170     -5.430      -0.5558        28.840        -0.0398    1.0000        False           False
              c_price_ge080_sized      88 -0.0163    -0.1224     0.0759             -1.1213    -15.810      -0.8779        53.460        -0.0488    1.0000        False           False
          e_fine_I12_signal_sized     116 -0.0185    -0.2343     0.2249              0.5711     13.250       0.3874        71.790        -0.1993    0.9980        False           False
                e_fine_I12_signal     116 -0.0194    -0.2350     0.2236              0.5388      6.250       0.3655        35.950        -0.1999    0.9985        False           False
      a_consensus_m3_allphase_hyp     596 -0.0199    -0.0776     0.0403             -1.1512    -68.610      -1.8675        69.450        -0.0581    1.0000        False           False
a_consensus_m3_allphase_hyp_sized     596 -0.0215    -0.0919     0.0533             -1.3387   -123.225      -1.8786       125.305        -0.0711    1.0000        False           False
           a_consensus_m2_pre_all     238 -0.0287    -0.0916     0.0413             -0.6962    -16.570      -0.8070        66.660        -0.0659    1.0000        False           False
     a_consensus_m2_pre_all_sized     238 -0.0362    -0.1252     0.0608             -2.0687    -44.580      -1.5764        98.430        -0.0871    1.0000        False           False
a_consensus_m2_allphase_hyp_sized    1265 -0.0512    -0.1094     0.0076             -1.9055   -382.920      -3.3773       435.350        -0.0723    1.0000        False           False
      a_consensus_m2_allphase_hyp    1265 -0.0561    -0.1033    -0.0098             -1.7911   -226.580      -3.7145       236.210        -0.0691    1.0000        False           False
               e_fine_union_sized     549 -0.0593    -0.1727     0.0542             -2.3933   -240.890      -2.1120       321.530        -0.1036    1.0000        False           False
           c_price_040to060_sized     236 -0.0665    -0.1927     0.0600             -3.3688   -139.300      -2.5854       180.110        -0.1032    1.0000        False           False
                 b_thompson_sized    1354 -0.0684    -0.1432     0.0083             -2.1708   -514.040      -3.5648       640.650        -0.0948    1.0000        False           False
                       b_thompson    1354 -0.0698    -0.1560     0.0229             -2.7819   -376.670      -4.6601       431.800        -0.0944    1.0000        False           False
                     e_fine_union     549 -0.0725    -0.1831     0.0371             -2.5419   -139.550      -2.3212       180.030        -0.1192    1.0000        False           False
          e_fine_I7_placebo_sized     151 -0.0732    -0.2364     0.0930             -0.3520    -10.630      -0.2549       110.240        -0.1638    1.0000        False           False
                e_fine_I7_placebo     151 -0.0738    -0.2368     0.0923             -0.3848     -5.810      -0.2785        55.400        -0.1643    1.0000        False           False
             b_hedge_eta0.1_sized    6220 -0.0769    -0.0943    -0.0591             -2.7885  -1925.850      -5.7899      1984.410        -0.0817    1.0000        False           False
             b_hedge_eta0.5_sized    1599 -0.0791    -0.1161    -0.0413             -2.5086   -650.360      -3.3223       760.650        -0.0905    1.0000        False           False
a_consensus_m2_allphase_all_sized    2129 -0.0817    -0.1329    -0.0250             -1.8033   -463.890      -4.8600       475.160        -0.0990    1.0000        False           False
a_consensus_m3_allphase_all_sized    1676 -0.0836    -0.1459    -0.0168             -2.6425   -586.240      -7.3532       596.350        -0.1128    1.0000        False           False
                   b_hedge_eta0.1    6220 -0.0864    -0.1015    -0.0712             -3.2814  -2041.030      -6.5672      2055.390        -0.0901    1.0000        False           False
                 c_price_040to060     236 -0.0893    -0.2093     0.0316             -4.6335   -109.350      -3.6740       129.740        -0.1219    1.0000        False           False
      a_consensus_m3_allphase_all    1676 -0.0977    -0.1464    -0.0472             -3.0905   -517.970     -10.0645       525.620        -0.1040    1.0000        False           False
                   b_hedge_eta0.5    1599 -0.0981    -0.1362    -0.0586             -3.1290   -500.320      -4.0278       558.700        -0.1089    1.0000        False           False
      a_consensus_m2_allphase_all    2129 -0.1040    -0.1385    -0.0683             -2.9361   -625.090     -11.2182       625.090        -0.1090    1.0000        False           False
              d_ctx_consensus_N50     495 -0.1406    -0.2513    -0.0204             -1.9428    -96.170      -2.4097       116.670        -0.2224    1.0000        False           False
        d_ctx_consensus_N20_sized     683 -0.1413    -0.2454    -0.0320             -2.5016   -287.560      -3.3504       363.020        -0.1977    1.0000        False           False
              d_ctx_consensus_N20     683 -0.1422    -0.2426    -0.0414             -2.4769   -169.170      -3.7068       218.210        -0.1895    1.0000        False           False
        d_ctx_consensus_N50_sized     495 -0.1583    -0.2791    -0.0268             -2.6398   -214.220      -3.0706       239.170        -0.2450    1.0000        False           False
         e_fine_I12_placebo_sized      54 -0.1657    -0.4297     0.1393             -4.3907    -47.420     -12.6061        47.420        -0.4189    1.0000        False           False
               e_fine_I12_placebo      54 -0.1664    -0.4301     0.1383             -4.4222    -23.880     -12.7244        23.880        -0.4192    1.0000        False           False
                   e_fine_I8_fade      34 -0.1717    -0.4827     0.1732             -5.8882    -20.020      -4.2462        30.510        -0.4812    1.0000        False           False
             e_fine_I8_fade_sized      34 -0.2211    -0.5510     0.1663             -8.9492    -26.400      -6.3278        32.600        -0.5639    1.0000        False           False
               e_fine_I13_placebo      17 -0.2736    -0.7078     0.1614            -14.1000    -23.970      -4.1390        37.890        -0.7480    1.0000        False           False
          e_fine_I8_placebo_sized      44 -0.3668    -0.6872     0.0729             -9.6545    -42.480     -11.9824        52.120        -0.7036    1.0000        False           False
                e_fine_I8_placebo      44 -0.3668    -0.6872     0.0729             -9.6545    -42.480     -11.9824        52.120        -0.7036    1.0000        False           False
              c_price_le020_sized     133 -0.3898    -0.6915    -0.0626             -4.1060   -109.220      -5.3737       117.790        -0.6419    1.0000        False           False
                    c_price_le020     133 -0.3910    -0.6921    -0.0643             -4.1346    -54.990      -5.4093        59.190        -0.6426    1.0000        False           False
         e_fine_I13_placebo_sized      17 -0.4581    -0.8334    -0.0211            -27.5040    -68.760      -6.2951        75.710        -0.9161    1.0000        False           False
          e_fine_I9_placebo_sized      24 -0.4906    -0.8106    -0.1216            -23.2313   -111.510     -18.1778       111.510        -0.8605    1.0000        False           False
                e_fine_I9_placebo      24 -0.4910    -0.8106    -0.1225            -23.2667    -55.840     -18.1763        55.840        -0.8605    1.0000        False           False
                 e_fine_I7_signal       0     NaN        NaN        NaN                 NaN        NaN          NaN           NaN            NaN    1.0000        False           False
                e_fine_I13_signal       0     NaN        NaN        NaN                 NaN        NaN          NaN           NaN            NaN    1.0000        False           False
           e_fine_I7_signal_sized       0     NaN        NaN        NaN                 NaN        NaN          NaN           NaN            NaN    1.0000        False           False
          e_fine_I13_signal_sized       0     NaN        NaN        NaN                 NaN        NaN          NaN           NaN            NaN    1.0000        False           False
label                          post-hoc, exploratory; broad search over strat...
trials                                                                        54
rc_p_best                                                                 0.9905
spa_p                                                                      0.621
rc_best_trial                                             e_fine_I9_signal_sized
best_by_sharpe                                            a_consensus_m3_pre_all
dsr_best_54                                                             0.001791
dsr_best_131                                                            0.000045
holm_survivors                                                                 4
candidate_edges                                                                0
insample_cell                                                          I9:signal
insample_quantile                                                            0.9
insample_cut                                                             0.19292
insample_band                                                                all
insample_trades                                                               73
insample_roc                                                            0.331115
insample_net_c_per_contract                                             5.552055
insample_pnl_total                                                         40.53
insample_n_combinations                                                      512
trades                   17216
roc                  -0.094826
roc_ci_lo            -0.109601
roc_ci_hi            -0.079668
net_c_per_contract   -3.267809
