polymarket.com: M 3000, placebo lag median +0.0, corr(pl1, pl2) same Kalshi +0.000, real lead median +5.0, real zero median +0.0, real rev median -5.0 (261 s)
Polymarket US: M 3000, placebo lag median +0.0, corr(pl1, pl2) same Kalshi -0.011, real lead median +5.0, real zero median +0.0, real rev median -5.0 (574 s)
                                          reps  n_placebo  kalshi_leads  reverse  mw_sig
venue          scenario        n  design                                                
Polymarket US  lead            30 D1       500       29.0         0.620    0.000   0.620
                                  D2       500      135.0         0.892    0.000   0.892
                               40 D1       500       39.0         0.720    0.000   0.720
                                  D2       500      185.0         0.958    0.000   0.958
                               60 D1       500       59.0         0.838    0.000   0.838
                                  D2       500      285.0         1.000    0.000   1.000
               rev             30 D1       500       29.0         0.000    0.534   0.534
                                  D2       500      135.0         0.000    0.862   0.862
                               40 D1       500       39.0         0.000    0.688   0.688
                                  D2       500      185.0         0.000    0.944   0.944
                               60 D1       500       59.0         0.000    0.756   0.756
                                  D2       500      285.0         0.000    1.000   1.000
               shift_clustered 30 D1       500       29.0         0.008    0.000   0.016
                                  D2       500      135.0         0.004    0.000   0.010
                               40 D1       500       39.0         0.004    0.000   0.004
                                  D2       500      185.0         0.010    0.000   0.010
                               60 D1       500       59.0         0.010    0.000   0.010
                                  D2       500      285.0         0.006    0.000   0.006
               shift_iid       30 D1       500       29.0         0.028    0.000   0.034
                                  D2       500      135.0         0.014    0.000   0.032
                               40 D1       500       39.0         0.040    0.000   0.052
                                  D2       500      185.0         0.038    0.000   0.060
                               60 D1       500       59.0         0.022    0.000   0.028
                                  D2       500      285.0         0.032    0.000   0.044
               zero            30 D1       500       29.0         0.000    0.000   0.112
                                  D2       500      135.0         0.000    0.000   0.000
                               40 D1       500       39.0         0.000    0.000   0.082
                                  D2       500      185.0         0.000    0.000   0.002
                               60 D1       500       59.0         0.000    0.000   0.088
                                  D2       500      285.0         0.000    0.000   0.002
polymarket.com lead            30 D1       500       29.0         0.616    0.000   0.616
                                  D2       500      135.0         0.928    0.000   0.928
                               40 D1       500       39.0         0.736    0.000   0.736
                                  D2       500      185.0         0.992    0.000   0.992
                               60 D1       500       59.0         0.852    0.000   0.852
                                  D2       500      285.0         1.000    0.000   1.000
               rev             30 D1       500       29.0         0.000    0.488   0.488
                                  D2       500      135.0         0.000    0.854   0.854
                               40 D1       500       39.0         0.000    0.632   0.632
                                  D2       500      185.0         0.000    0.950   0.950
                               60 D1       500       59.0         0.000    0.834   0.834
                                  D2       500      285.0         0.000    1.000   1.000
               shift_clustered 30 D1       500       29.0         0.008    0.000   0.008
                                  D2       500      135.0         0.004    0.000   0.004
                               40 D1       500       39.0         0.004    0.000   0.006
                                  D2       500      185.0         0.008    0.000   0.008
                               60 D1       500       59.0         0.004    0.000   0.004
                                  D2       500      285.0         0.008    0.000   0.008
               shift_iid       30 D1       500       29.0         0.052    0.000   0.054
                                  D2       500      135.0         0.046    0.000   0.050
                               40 D1       500       39.0         0.058    0.000   0.058
                                  D2       500      185.0         0.036    0.000   0.040
                               60 D1       500       59.0         0.048    0.000   0.048
                                  D2       500      285.0         0.058    0.000   0.058
               zero            30 D1       500       29.0         0.000    0.000   0.120
                                  D2       500      135.0         0.000    0.000   0.000
                               40 D1       500       39.0         0.000    0.000   0.110
                                  D2       500      185.0         0.000    0.000   0.000
                               60 D1       500       59.0         0.000    0.000   0.088
                                  D2       500      285.0         0.000    0.000   0.002
total 584 s; seed 20261003; M 3000; reps 500
