post-hoc, exploratory; sportsbook closing line used as a signal only; selected on training only
sample training: 331 NFL games
game status: {'evaluated': 282, 'no nflverse line': 49}
Brier on 282 games: p (nflverse no-vig) 0.2111, K (Kalshi) 0.2113
selected e (training rule): None
   e     leg      fee_line costs  games  trades  wins  losses  mean_fill  win_rate  mean_gap  roc_mean  roc_ci_lo  roc_ci_hi  cents_per_contract  pnl_total  sharpe_x365  sharpe_daily  max_drawdown  skew_daily  excl_top5_roc  excl_top5_pnl
0.02  signal kalshi_direct    x1    331      23     7      16     0.4583    0.3043    0.0263   -0.4522    -0.7909    -0.0849            -16.9739     -39.04      -2.2458       -0.4120         39.04     -0.0383        -0.8728         -63.50
0.02  signal kalshi_direct    x2    331      23     7      16     0.4683    0.3043    0.0263   -0.4788    -0.7977    -0.1282            -19.5826     -45.04      -2.4943       -0.4667         45.04     -0.1278        -0.8753         -68.16
0.02  signal        webull    x1    331      23     7      16     0.4583    0.3043    0.0263   -0.4562    -0.7930    -0.0914            -17.3913     -40.00      -2.2912       -0.4218         40.00     -0.0439        -0.8744         -64.30
0.02  signal        webull    x2    331      23     7      16     0.4683    0.3043    0.0263   -0.4862    -0.8022    -0.1421            -20.3913     -46.90      -2.5762       -0.4855         46.90     -0.1380        -0.8786         -69.70
0.02 placebo kalshi_direct    x1    331      92    49      43     0.5735    0.5326    0.0276   -0.1233    -0.3008     0.0553             -5.6272     -51.77      -1.3994       -0.1732         88.06     -1.6210        -0.2335         -83.16
0.02 placebo kalshi_direct    x2    331      92    49      43     0.5835    0.5326    0.0276   -0.1620    -0.3308     0.0055             -8.1391     -74.88      -1.9808       -0.2483        102.98     -1.7493        -0.2629        -104.92
0.02 placebo        webull    x1    331      92    49      43     0.5735    0.5326    0.0276   -0.1297    -0.3055     0.0463             -6.0870     -56.00      -1.5099       -0.1872         90.70     -1.6423        -0.2382         -87.20
0.02 placebo        webull    x2    331      92    49      43     0.5835    0.5326    0.0276   -0.1736    -0.3395    -0.0101             -9.0870     -83.60      -2.1922       -0.2764        109.40     -1.7895        -0.2720        -113.30
0.04  signal kalshi_direct    x1    331       1     0       1     0.3700    0.0000    0.0466   -1.0000        NaN        NaN            -38.7000      -3.87      -1.4280           NaN          3.87         NaN            NaN           0.00
0.04  signal kalshi_direct    x2    331       1     0       1     0.3800    0.0000    0.0466   -1.0000        NaN        NaN            -41.4000      -4.14      -1.4280           NaN          4.14         NaN            NaN           0.00
0.04  signal        webull    x1    331       1     0       1     0.3700    0.0000    0.0466   -1.0000        NaN        NaN            -39.0000      -3.90      -1.4280           NaN          3.90         NaN            NaN           0.00
0.04  signal        webull    x2    331       1     0       1     0.3800    0.0000    0.0466   -1.0000        NaN        NaN            -42.0000      -4.20      -1.4280           NaN          4.20         NaN            NaN           0.00
0.04 placebo kalshi_direct    x1    331       6     4       2     0.5783    0.6667    0.0467    0.0319    -0.5170     0.5771              7.2167       4.33       0.5389        0.1535          9.62     -0.3098        -1.0000          -6.57
0.04 placebo kalshi_direct    x2    331       6     4       2     0.5883    0.6667    0.0467   -0.0090    -0.5343     0.5128              4.6333       2.78       0.3543        0.1001         10.12     -0.3648        -1.0000          -6.82
0.04 placebo        webull    x1    331       6     4       2     0.5783    0.6667    0.0467    0.0262    -0.5202     0.5689              6.8333       4.10       0.5118        0.1456          9.70     -0.3099        -1.0000          -6.60
0.04 placebo        webull    x2    331       6     4       2     0.5883    0.6667    0.0467   -0.0195    -0.5400     0.4978              3.8333       2.30       0.2942        0.0830         10.30     -0.3678        -1.0000          -6.90
0.06  signal kalshi_direct    x1    331       0     0       0        NaN       NaN       NaN       NaN        NaN        NaN                 NaN        NaN          NaN           NaN           NaN         NaN            NaN            NaN
0.06  signal kalshi_direct    x2    331       0     0       0        NaN       NaN       NaN       NaN        NaN        NaN                 NaN        NaN          NaN           NaN           NaN         NaN            NaN            NaN
0.06  signal        webull    x1    331       0     0       0        NaN       NaN       NaN       NaN        NaN        NaN                 NaN        NaN          NaN           NaN           NaN         NaN            NaN            NaN
0.06  signal        webull    x2    331       0     0       0        NaN       NaN       NaN       NaN        NaN        NaN                 NaN        NaN          NaN           NaN           NaN         NaN            NaN            NaN
0.06 placebo kalshi_direct    x1    331       0     0       0        NaN       NaN       NaN       NaN        NaN        NaN                 NaN        NaN          NaN           NaN           NaN         NaN            NaN            NaN
0.06 placebo kalshi_direct    x2    331       0     0       0        NaN       NaN       NaN       NaN        NaN        NaN                 NaN        NaN          NaN           NaN           NaN         NaN            NaN            NaN
0.06 placebo        webull    x1    331       0     0       0        NaN       NaN       NaN       NaN        NaN        NaN                 NaN        NaN          NaN           NaN           NaN         NaN            NaN            NaN
0.06 placebo        webull    x2    331       0     0       0        NaN       NaN       NaN       NaN        NaN        NaN                 NaN        NaN          NaN           NaN           NaN         NaN            NaN            NaN
