post-hoc, exploratory; context map over strategies already seen; walk-forward on training only; holdout not run
pool ../wt-meta/results/posthoc_meta/candidates.csv sha256 a9ff5574a0457f79a557ea834a51e3821f991ba78e247dfa613216a64d108c33; candidates 18565; eval weeks 19 (2025-09-08 to 2026-01-12); eval candidates 17216
                                                                                                          label                               book  trades  games  roc_mean  roc_ci_lo  roc_ci_hi  net_c_per_contract  pnl_total  hts_trades  hts_win_rate  hts_breakeven  game_days  sharpe_daily  max_drawdown  worst_day  excl_top5_roc  excl_top5_pnl  share_weeks_traded  sharpe_x365
post-hoc, exploratory; context map over strategies already seen; walk-forward on training only; holdout not run                   context map N=20     974    635   -0.1477    -0.2230    -0.0648             -3.5216    -343.00       948.0        0.4515         0.4870      104.0       -0.2449        392.62     -73.27        -0.1841        -416.29              1.0000      -4.6786
post-hoc, exploratory; context map over strategies already seen; walk-forward on training only; holdout not run                   context map N=50     646    454   -0.1669    -0.2647    -0.0596             -4.0297    -260.32       646.0        0.4443         0.4846       88.0       -0.2470        278.99     -88.48        -0.2180        -327.28              0.8947      -4.7187
post-hoc, exploratory; context map over strategies already seen; walk-forward on training only; holdout not run               take every candidate   17216   1023   -0.0948    -0.1096    -0.0797             -3.2678   -5625.86      7149.0        0.5099         0.5358      112.0       -0.6413       5625.86    -315.68        -0.0977       -5710.68              1.0000     -12.2522
post-hoc, exploratory; context map over strategies already seen; walk-forward on training only; holdout not run best single idea-leg, walk-forward     452    452   -0.0688    -0.1746     0.0418             -2.2954    -103.75       452.0        0.5243         0.5473       81.0       -0.1106        143.62     -38.47        -0.1361        -146.31              0.9474      -2.1136
post-hoc, exploratory; context map over strategies already seen; walk-forward on training only; holdout not run                           no trade       0      0    0.0000        NaN        NaN                 NaN       0.00         NaN           NaN            NaN        NaN           NaN           NaN        NaN            NaN            NaN              0.0000          NaN
book  choice_changes  consecutive_pairs  contexts_ever_traded                                                                                                           label
N=20              13                151                    16 post-hoc, exploratory; context map over strategies already seen; walk-forward on training only; holdout not run
N=50               5                 82                    15 post-hoc, exploratory; context map over strategies already seen; walk-forward on training only; holdout not run
          ctx        cell  c_per_contract  trades                                                      note                                                                                                           label
 CFB|early|hi  I4:placebo           8.400       1 DESCRIPTIVE ONLY, in-sample on all training; not a result post-hoc, exploratory; context map over strategies already seen; walk-forward on training only; holdout not run
 CFB|early|lo   I9:signal          -0.413     159 DESCRIPTIVE ONLY, in-sample on all training; not a result post-hoc, exploratory; context map over strategies already seen; walk-forward on training only; holdout not run
CFB|early|mid I4:favorite          35.300       1 DESCRIPTIVE ONLY, in-sample on all training; not a result post-hoc, exploratory; context map over strategies already seen; walk-forward on training only; holdout not run
  CFB|late|hi   I9:signal          -2.500      33 DESCRIPTIVE ONLY, in-sample on all training; not a result post-hoc, exploratory; context map over strategies already seen; walk-forward on training only; holdout not run
  CFB|late|lo I12:placebo          20.700       8 DESCRIPTIVE ONLY, in-sample on all training; not a result post-hoc, exploratory; context map over strategies already seen; walk-forward on training only; holdout not run
 CFB|late|mid  I12:signal          15.250       6 DESCRIPTIVE ONLY, in-sample on all training; not a result post-hoc, exploratory; context map over strategies already seen; walk-forward on training only; holdout not run
   CFB|pre|hi   I7:signal           8.400       3 DESCRIPTIVE ONLY, in-sample on all training; not a result post-hoc, exploratory; context map over strategies already seen; walk-forward on training only; holdout not run
   CFB|pre|lo  I7:placebo           0.366      56 DESCRIPTIVE ONLY, in-sample on all training; not a result post-hoc, exploratory; context map over strategies already seen; walk-forward on training only; holdout not run
  CFB|pre|mid   I7:signal          42.680       5 DESCRIPTIVE ONLY, in-sample on all training; not a result post-hoc, exploratory; context map over strategies already seen; walk-forward on training only; holdout not run
 NFL|early|hi   I9:signal          28.480       5 DESCRIPTIVE ONLY, in-sample on all training; not a result post-hoc, exploratory; context map over strategies already seen; walk-forward on training only; holdout not run
 NFL|early|lo I12:placebo           2.286      59 DESCRIPTIVE ONLY, in-sample on all training; not a result post-hoc, exploratory; context map over strategies already seen; walk-forward on training only; holdout not run
NFL|early|mid I13:placebo          -0.804      48 DESCRIPTIVE ONLY, in-sample on all training; not a result post-hoc, exploratory; context map over strategies already seen; walk-forward on training only; holdout not run
  NFL|late|hi I4:favorite           0.307     205 DESCRIPTIVE ONLY, in-sample on all training; not a result post-hoc, exploratory; context map over strategies already seen; walk-forward on training only; holdout not run
  NFL|late|lo I4:favorite          64.400       1 DESCRIPTIVE ONLY, in-sample on all training; not a result post-hoc, exploratory; context map over strategies already seen; walk-forward on training only; holdout not run
 NFL|late|mid    I10:fade          -2.679      70 DESCRIPTIVE ONLY, in-sample on all training; not a result post-hoc, exploratory; context map over strategies already seen; walk-forward on training only; holdout not run
   NFL|pre|hi  A:favorite           1.600      44 DESCRIPTIVE ONLY, in-sample on all training; not a result post-hoc, exploratory; context map over strategies already seen; walk-forward on training only; holdout not run
   NFL|pre|lo  I8:placebo           3.548      58 DESCRIPTIVE ONLY, in-sample on all training; not a result post-hoc, exploratory; context map over strategies already seen; walk-forward on training only; holdout not run
  NFL|pre|mid  I7:placebo          15.197      31 DESCRIPTIVE ONLY, in-sample on all training; not a result post-hoc, exploratory; context map over strategies already seen; walk-forward on training only; holdout not run
          ctx        cell  trades  pnl_total  net_c_per_contract  mean_roc book                                                                                                           label
 CFB|early|hi  I12:signal      57      28.65               5.026     0.067 N=20 post-hoc, exploratory; context map over strategies already seen; walk-forward on training only; holdout not run
 CFB|early|hi   I9:signal      44      14.53               3.302     0.054 N=20 post-hoc, exploratory; context map over strategies already seen; walk-forward on training only; holdout not run
 CFB|early|lo  I12:signal      50     -11.88              -2.376    -0.260 N=20 post-hoc, exploratory; context map over strategies already seen; walk-forward on training only; holdout not run
 CFB|early|lo   I9:signal      41     -18.90              -4.610    -0.368 N=20 post-hoc, exploratory; context map over strategies already seen; walk-forward on training only; holdout not run
CFB|early|mid  I12:signal      50     -60.21             -12.042    -0.209 N=20 post-hoc, exploratory; context map over strategies already seen; walk-forward on training only; holdout not run
CFB|early|mid  I9:placebo      14     -56.96             -40.686    -0.736 N=20 post-hoc, exploratory; context map over strategies already seen; walk-forward on training only; holdout not run
CFB|early|mid   I9:signal      10     -15.64             -15.640    -0.389 N=20 post-hoc, exploratory; context map over strategies already seen; walk-forward on training only; holdout not run
  CFB|late|lo  I4:placebo      57     -27.42              -4.811    -0.334 N=20 post-hoc, exploratory; context map over strategies already seen; walk-forward on training only; holdout not run
  CFB|late|lo   I9:signal      14      24.19              17.279     0.402 N=20 post-hoc, exploratory; context map over strategies already seen; walk-forward on training only; holdout not run
 CFB|late|mid    I10:fade      26      -5.80              -2.231    -0.049 N=20 post-hoc, exploratory; context map over strategies already seen; walk-forward on training only; holdout not run
 CFB|late|mid   I9:signal       9      -9.70             -10.778    -0.222 N=20 post-hoc, exploratory; context map over strategies already seen; walk-forward on training only; holdout not run
   CFB|pre|hi  A:favorite       9       1.26               1.400     0.014 N=20 post-hoc, exploratory; context map over strategies already seen; walk-forward on training only; holdout not run
   CFB|pre|hi  I7:placebo      19      -7.82              -4.116    -0.060 N=20 post-hoc, exploratory; context map over strategies already seen; walk-forward on training only; holdout not run
   CFB|pre|hi  I8:placebo      11     -16.78             -15.255    -0.210 N=20 post-hoc, exploratory; context map over strategies already seen; walk-forward on training only; holdout not run
   CFB|pre|lo  I7:placebo      32     -19.45              -6.078    -0.505 N=20 post-hoc, exploratory; context map over strategies already seen; walk-forward on training only; holdout not run
  CFB|pre|mid  I7:placebo      22      -9.88              -4.491    -0.110 N=20 post-hoc, exploratory; context map over strategies already seen; walk-forward on training only; holdout not run
  CFB|pre|mid     I8:fade      99     -26.01              -2.627    -0.056 N=20 post-hoc, exploratory; context map over strategies already seen; walk-forward on training only; holdout not run
 NFL|early|hi I12:placebo      17      -8.40              -4.941    -0.059 N=20 post-hoc, exploratory; context map over strategies already seen; walk-forward on training only; holdout not run
 NFL|early|hi  I12:signal      38     -14.47              -3.808    -0.041 N=20 post-hoc, exploratory; context map over strategies already seen; walk-forward on training only; holdout not run
 NFL|early|hi  I9:placebo      12      11.31               9.425     0.123 N=20 post-hoc, exploratory; context map over strategies already seen; walk-forward on training only; holdout not run
 NFL|early|lo I12:placebo      11       6.66               6.055    -0.068 N=20 post-hoc, exploratory; context map over strategies already seen; walk-forward on training only; holdout not run
 NFL|early|lo  I4:placebo      65     -14.88              -2.289    -0.168 N=20 post-hoc, exploratory; context map over strategies already seen; walk-forward on training only; holdout not run
NFL|early|mid I12:placebo      26     -20.49              -7.881    -0.134 N=20 post-hoc, exploratory; context map over strategies already seen; walk-forward on training only; holdout not run
NFL|early|mid  I12:signal       5     -15.67             -31.340    -0.676 N=20 post-hoc, exploratory; context map over strategies already seen; walk-forward on training only; holdout not run
NFL|early|mid   I9:signal       8      -8.70             -10.875    -0.317 N=20 post-hoc, exploratory; context map over strategies already seen; walk-forward on training only; holdout not run
  NFL|late|hi I4:favorite      67     -17.07              -2.548    -0.031 N=20 post-hoc, exploratory; context map over strategies already seen; walk-forward on training only; holdout not run
  NFL|late|lo  I4:placebo      38     -23.82              -6.268    -0.496 N=20 post-hoc, exploratory; context map over strategies already seen; walk-forward on training only; holdout not run
   NFL|pre|hi  A:favorite       1       1.60              16.000     0.190 N=20 post-hoc, exploratory; context map over strategies already seen; walk-forward on training only; holdout not run
   NFL|pre|hi  I8:placebo      21     -13.18              -6.276    -0.081 N=20 post-hoc, exploratory; context map over strategies already seen; walk-forward on training only; holdout not run
   NFL|pre|lo  I8:placebo      35      -7.55              -2.157    -0.252 N=20 post-hoc, exploratory; context map over strategies already seen; walk-forward on training only; holdout not run
  NFL|pre|mid  I7:placebo       8      23.21              29.012     0.675 N=20 post-hoc, exploratory; context map over strategies already seen; walk-forward on training only; holdout not run
  NFL|pre|mid     I8:fade      58     -23.73              -4.091    -0.088 N=20 post-hoc, exploratory; context map over strategies already seen; walk-forward on training only; holdout not run
          ctx        cell  trades  pnl_total  net_c_per_contract  mean_roc book                                                                                                           label
 CFB|early|hi  I12:signal      49      -9.43              -1.924    -0.032 N=50 post-hoc, exploratory; context map over strategies already seen; walk-forward on training only; holdout not run
 CFB|early|hi   I9:signal      33       8.71               2.639     0.046 N=50 post-hoc, exploratory; context map over strategies already seen; walk-forward on training only; holdout not run
 CFB|early|lo  I12:signal      41      -7.57              -1.846    -0.250 N=50 post-hoc, exploratory; context map over strategies already seen; walk-forward on training only; holdout not run
 CFB|early|lo   I9:signal      41     -18.90              -4.610    -0.368 N=50 post-hoc, exploratory; context map over strategies already seen; walk-forward on training only; holdout not run
CFB|early|mid  I12:signal      28     -43.88             -15.671    -0.266 N=50 post-hoc, exploratory; context map over strategies already seen; walk-forward on training only; holdout not run
  CFB|late|lo  I4:placebo      57     -27.42              -4.811    -0.334 N=50 post-hoc, exploratory; context map over strategies already seen; walk-forward on training only; holdout not run
   CFB|pre|hi  A:favorite       9       1.26               1.400     0.014 N=50 post-hoc, exploratory; context map over strategies already seen; walk-forward on training only; holdout not run
   CFB|pre|hi  I7:placebo       3     -13.76             -45.867    -0.632 N=50 post-hoc, exploratory; context map over strategies already seen; walk-forward on training only; holdout not run
   CFB|pre|lo  I7:placebo       6      -5.59              -9.317    -0.504 N=50 post-hoc, exploratory; context map over strategies already seen; walk-forward on training only; holdout not run
  CFB|pre|mid  I7:placebo      22      -9.88              -4.491    -0.110 N=50 post-hoc, exploratory; context map over strategies already seen; walk-forward on training only; holdout not run
  CFB|pre|mid     I8:fade      77     -25.40              -3.299    -0.072 N=50 post-hoc, exploratory; context map over strategies already seen; walk-forward on training only; holdout not run
 NFL|early|hi  I12:signal       8     -12.70             -15.875    -0.204 N=50 post-hoc, exploratory; context map over strategies already seen; walk-forward on training only; holdout not run
 NFL|early|hi  I9:placebo      57      -2.78              -0.488    -0.013 N=50 post-hoc, exploratory; context map over strategies already seen; walk-forward on training only; holdout not run
 NFL|early|lo I12:placebo       8       3.63               4.538    -0.175 N=50 post-hoc, exploratory; context map over strategies already seen; walk-forward on training only; holdout not run
 NFL|early|lo  I4:placebo      56     -13.17              -2.352    -0.147 N=50 post-hoc, exploratory; context map over strategies already seen; walk-forward on training only; holdout not run
NFL|early|mid I12:placebo       5     -15.59             -31.180    -0.648 N=50 post-hoc, exploratory; context map over strategies already seen; walk-forward on training only; holdout not run
  NFL|late|hi I4:favorite      58      -6.04              -1.041    -0.015 N=50 post-hoc, exploratory; context map over strategies already seen; walk-forward on training only; holdout not run
  NFL|late|lo  I4:placebo      38     -23.82              -6.268    -0.496 N=50 post-hoc, exploratory; context map over strategies already seen; walk-forward on training only; holdout not run
   NFL|pre|hi  I8:placebo       3      -3.48             -11.600    -0.182 N=50 post-hoc, exploratory; context map over strategies already seen; walk-forward on training only; holdout not run
   NFL|pre|lo  I8:placebo       3       1.17               3.900    -0.064 N=50 post-hoc, exploratory; context map over strategies already seen; walk-forward on training only; holdout not run
  NFL|pre|mid     I8:fade      44     -35.68              -8.109    -0.171 N=50 post-hoc, exploratory; context map over strategies already seen; walk-forward on training only; holdout not run
